{"sessionId": "d7592d", "source": "playwright", "step": "initial", "scrollY": 0, "header": 110, "active": ["The problem"], "headings": {"story": {"top": 1833, "bottom": 1861}, "features": {"top": 2164, "bottom": 2192}, "agents": {"top": 2611, "bottom": 2639}, "process": {"top": 3131, "bottom": 3158}, "architecture": {"top": 3981, "bottom": 4008}, "systems": {"top": 4304, "bottom": 4332}}, "lockedId": null}
{"sessionId": "d7592d", "source": "playwright", "scrollY": 2046, "header": 110, "active": ["Features"], "headings": {"story": {"top": -213, "bottom": -185}, "features": {"top": 118, "bottom": 146}, "agents": {"top": 565, "bottom": 593}, "process": {"top": 1085, "bottom": 1112}, "architecture": {"top": 1935, "bottom": 1962}, "systems": {"top": 2258, "bottom": 2286}}, "lockedId": null, "step": "after_click_Features", "expected": "Features", "pass": true}
{"sessionId": "d7592d", "source": "playwright", "scrollY": 2493, "header": 110, "active": ["Signal Studio"], "headings": {"story": {"top": -660, "bottom": -632}, "features": {"top": -329, "bottom": -301}, "agents": {"top": 118, "bottom": 146}, "process": {"top": 638, "bottom": 665}, "architecture": {"top": 1488, "bottom": 1515}, "systems": {"top": 1811, "bottom": 1839}}, "lockedId": null, "step": "after_click_Signal_Studio", "expected": "Signal Studio", "pass": true}
{"sessionId": "d7592d", "source": "playwright", "scrollY": 3013, "header": 110, "active": ["Pipeline"], "headings": {"story": {"top": -1180, "bottom": -1152}, "features": {"top": -849, "bottom": -821}, "agents": {"top": -402, "bottom": -374}, "process": {"top": 118, "bottom": 145}, "architecture": {"top": 968, "bottom": 995}, "systems": {"top": 1291, "bottom": 1319}}, "lockedId": null, "step": "after_click_Pipeline", "expected": "Pipeline", "pass": true}
{"sessionId": "d7592d", "source": "playwright", "scrollY": 4186, "header": 110, "active": ["Systems view"], "headings": {"story": {"top": -2353, "bottom": -2325}, "features": {"top": -2022, "bottom": -1994}, "agents": {"top": -1575, "bottom": -1547}, "process": {"top": -1055, "bottom": -1028}, "architecture": {"top": -205, "bottom": -178}, "systems": {"top": 118, "bottom": 146}}, "lockedId": null, "step": "after_click_Systems_view", "expected": "Systems view", "pass": true}
{"sessionId": "d7592d", "source": "playwright", "scrollY": 4415, "header": 110, "active": ["Systems view"], "headings": {"story": {"top": -2582, "bottom": -2554}, "features": {"top": -2251, "bottom": -2223}, "agents": {"top": -1804, "bottom": -1776}, "process": {"top": -1284, "bottom": -1257}, "architecture": {"top": -434, "bottom": -407}, "systems": {"top": -111, "bottom": -83}}, "lockedId": null, "step": "bottom", "pass": true}
{"sessionId": "d7592d", "hypothesisId": "B", "location": "index.html:click", "message": "tab clicked", "data": {"id": "features"}, "timestamp": 1779515006152, "runId": "post-fix-2"}
{"sessionId": "d7592d", "hypothesisId": "C", "location": "index.html:setActive", "message": "active class applied", "data": {"requestedId": "features", "domActiveLabels": ["Features"], "lockedId": "features"}, "timestamp": 1779515006152, "runId": "post-fix-2"}
{"sessionId": "d7592d", "hypothesisId": "B", "location": "index.html:unlock", "message": "heading aligned", "data": {"id": "features"}, "timestamp": 1779515006766, "runId": "post-fix-2"}
{"sessionId": "d7592d", "hypothesisId": "A", "location": "index.html:pickActive", "message": "heading-based pick", "data": {"picked": "features", "trigger": 342, "headingTops": {"systems": 2278, "architecture": 1955, "process": 1105, "agents": 585, "features": 138}, "scrollY": 2026}, "timestamp": 1779515006782, "runId": "post-fix-2"}
{"sessionId": "d7592d", "hypothesisId": "B", "location": "index.html:click", "message": "tab clicked", "data": {"id": "agents"}, "timestamp": 1779515008230, "runId": "post-fix-2"}
{"sessionId": "d7592d", "hypothesisId": "C", "location": "index.html:setActive", "message": "active class applied", "data": {"requestedId": "agents", "domActiveLabels": ["Signal Studio"], "lockedId": "agents"}, "timestamp": 1779515008232, "runId": "post-fix-2"}
{"sessionId": "d7592d", "hypothesisId": "B", "location": "index.html:unlock", "message": "heading aligned", "data": {"id": "agents"}, "timestamp": 1779515008567, "runId": "post-fix-2"}
{"sessionId": "d7592d", "hypothesisId": "A", "location": "index.html:pickActive", "message": "heading-based pick", "data": {"picked": "agents", "trigger": 342, "headingTops": {"systems": 1831, "architecture": 1508, "process": 658, "agents": 138}, "scrollY": 2473}, "timestamp": 1779515008583, "runId": "post-fix-2"}
{"sessionId": "d7592d", "hypothesisId": "B", "location": "index.html:click", "message": "tab clicked", "data": {"id": "process"}, "timestamp": 1779515010312, "runId": "post-fix-2"}
{"sessionId": "d7592d", "hypothesisId": "C", "location": "index.html:setActive", "message": "active class applied", "data": {"requestedId": "process", "domActiveLabels": ["Pipeline"], "lockedId": "process"}, "timestamp": 1779515010314, "runId": "post-fix-2"}
{"sessionId": "d7592d", "hypothesisId": "B", "location": "index.html:unlock", "message": "heading aligned", "data": {"id": "process"}, "timestamp": 1779515010681, "runId": "post-fix-2"}
{"sessionId": "d7592d", "hypothesisId": "A", "location": "index.html:pickActive", "message": "heading-based pick", "data": {"picked": "process", "trigger": 342, "headingTops": {"systems": 1306, "architecture": 983, "process": 133}, "scrollY": 2998}, "timestamp": 1779515010698, "runId": "post-fix-2"}
{"sessionId": "d7592d", "hypothesisId": "B", "location": "index.html:click", "message": "tab clicked", "data": {"id": "systems"}, "timestamp": 1779515012383, "runId": "post-fix-2"}
{"sessionId": "d7592d", "hypothesisId": "C", "location": "index.html:setActive", "message": "active class applied", "data": {"requestedId": "systems", "domActiveLabels": ["Systems view"], "lockedId": "systems"}, "timestamp": 1779515012385, "runId": "post-fix-2"}
{"sessionId": "d7592d", "hypothesisId": "B", "location": "index.html:unlock", "message": "heading aligned", "data": {"id": "systems"}, "timestamp": 1779515012903, "runId": "post-fix-2"}
{"sessionId": "d7592d", "hypothesisId": "A", "location": "index.html:pickActive", "message": "heading-based pick", "data": {"picked": "systems", "trigger": 342, "headingTops": {"systems": 136}, "scrollY": 4168}, "timestamp": 1779515012919, "runId": "post-fix-2"}
